----------------------------------------------------------------------------------------------------------------------------------------------------------------------------------------
      name:  TableD4
       log:  C:\Users\BoonHan\Dropbox\University\Research\Projects\Beliefs-Effort_Luck\STATA\Paper-Final\Logs/TableD4.log
  log type:  text
 opened on:   6 Jul 2021, 09:31:41

. use "Data/Exp1-cleaned-long-state.dta", clear

. keep if b_Group3==1
(804 observations deleted)

. 
. ivregress 2sls LogitPosterior LogitStateGood LogitStateBad (LogitUnconditional = i.LA i.HA i.GA), nocons vce(cluster ID)

Instrumental variables (2SLS) regression          Number of obs   =      2,460
                                                  Wald chi2(3)    =          .
                                                  Prob > chi2     =          .
                                                  R-squared       =          .
                                                  Root MSE        =     1.7495

                                         (Std. Err. adjusted for 205 clusters in ID)
------------------------------------------------------------------------------------
                   |               Robust
    LogitPosterior |      Coef.   Std. Err.      z    P>|z|     [95% Conf. Interval]
-------------------+----------------------------------------------------------------
LogitUnconditional |   .7918662   .0460794    17.18   0.000     .7015522    .8821802
    LogitStateGood |      .7873   .0558871    14.09   0.000     .6777633    .8968367
     LogitStateBad |   .9289728   .0639919    14.52   0.000     .8035509    1.054395
------------------------------------------------------------------------------------
Instrumented:  LogitUnconditional
Instruments:   LogitStateGood LogitStateBad 1.LA 1.HA 1.GA

. 
. lincom LogitUnconditional-1

 ( 1)  LogitUnconditional = 1

------------------------------------------------------------------------------
LogitPoste~r |      Coef.   Std. Err.      z    P>|z|     [95% Conf. Interval]
-------------+----------------------------------------------------------------
         (1) |  -.2081338   .0460794    -4.52   0.000    -.2984478   -.1178198
------------------------------------------------------------------------------

. local est1 = r(estimate)

. local tstat1 = r(estimate)/r(se)

. local pval1 = tprob(r(df), abs(`tstat1'))

. 
. lincom LogitStateGood-1

 ( 1)  LogitStateGood = 1

------------------------------------------------------------------------------
LogitPoste~r |      Coef.   Std. Err.      z    P>|z|     [95% Conf. Interval]
-------------+----------------------------------------------------------------
         (1) |     -.2127   .0558871    -3.81   0.000    -.3222367   -.1031633
------------------------------------------------------------------------------

. local est2 = r(estimate)

. local tstat2 = r(estimate)/r(se)

. local pval2 = tprob(r(df), abs(`tstat2'))

. 
. lincom LogitStateBad-1

 ( 1)  LogitStateBad = 1

------------------------------------------------------------------------------
LogitPoste~r |      Coef.   Std. Err.      z    P>|z|     [95% Conf. Interval]
-------------+----------------------------------------------------------------
         (1) |  -.0710272   .0639919    -1.11   0.267    -.1964491    .0543947
------------------------------------------------------------------------------

. local est3 = r(estimate)

. local tstat3 = r(estimate)/r(se)

. local pval3 = tprob(r(df), abs(`tstat3'))

. 
. lincom LogitStateGood-LogitStateBad

 ( 1)  LogitStateGood - LogitStateBad = 0

------------------------------------------------------------------------------
LogitPoste~r |      Coef.   Std. Err.      z    P>|z|     [95% Conf. Interval]
-------------+----------------------------------------------------------------
         (1) |  -.1416728   .0697816    -2.03   0.042    -.2784423   -.0049033
------------------------------------------------------------------------------

. local est4 = r(estimate)

. local tstat4 = r(estimate)/r(se)

. local pval4 = tprob(r(df), abs(`tstat4'))

. 
. outreg2 using "Tables/TableD4", label ctitle("Dependent variable:", "Logit(posterior)", "Pooled") ///
>         bdec(3) sdec(3) replace tex excel noas
Tables/TableD4.tex
Tables/TableD4.xml
dir : seeout

. 
. ivreg2 LogitPosterior LogitStateGood LogitStateBad (LogitUnconditional = i.LA i.HA i.GA), noc cluster(ID) first orthog(i.LA i.HA i.GA) endog(LogitUnconditional)

First-stage regressions
-----------------------


First-stage regression of LogitUnconditional:

Statistics robust to heteroskedasticity and clustering on ID
Number of obs =                   2460
Number of clusters (ID) =          205
--------------------------------------------------------------------------------
               |               Robust
LogitUncondi~l |      Coef.   Std. Err.      t    P>|t|     [95% Conf. Interval]
---------------+----------------------------------------------------------------
          1.LA |  -1.215731   .1895933    -6.41   0.000     -1.58751   -.8439514
          1.HA |   .8083669   .1629783     4.96   0.000     .4887777    1.127956
          1.GA |   .1270689   .1737468     0.73   0.465    -.2136365    .4677743
LogitStateGood |  -.2738491   .1672981    -1.64   0.102     -.601909    .0542108
 LogitStateBad |   .2738491   .1672981     1.64   0.102    -.0542108     .601909
--------------------------------------------------------------------------------
F test of excluded instruments:
  F(  3,   204) =    35.23
  Prob > F      =   0.0000
Sanderson-Windmeijer multivariate F test of excluded instruments:
  F(  3,   204) =    35.23
  Prob > F      =   0.0000



Summary results for first-stage regressions
-------------------------------------------

                                           (Underid)            (Weak id)
Variable     | F(  3,   204)  P-val | SW Chi-sq(  3) P-val | SW F(  3,   204)
LogitUncondi |      35.23    0.0000 |      106.39   0.0000 |       35.23

NB: first-stage test statistics cluster-robust

Stock-Yogo weak ID F test critical values for single endogenous regressor:
                                    5% maximal IV relative bias    13.91
                                   10% maximal IV relative bias     9.08
                                   20% maximal IV relative bias     6.46
                                   30% maximal IV relative bias     5.39
                                   10% maximal IV size             22.30
                                   15% maximal IV size             12.83
                                   20% maximal IV size              9.54
                                   25% maximal IV size              7.80
Source: Stock-Yogo (2005).  Reproduced by permission.
NB: Critical values are for i.i.d. errors only.

Underidentification test
Ho: matrix of reduced form coefficients has rank=K1-1 (underidentified)
Ha: matrix has rank=K1 (identified)
Kleibergen-Paap rk LM statistic          Chi-sq(3)=70.04    P-val=0.0000

Weak identification test
Ho: equation is weakly identified
Cragg-Donald Wald F statistic                                      85.27
Kleibergen-Paap Wald rk F statistic                                35.23

Stock-Yogo weak ID test critical values for K1=1 and L1=3:
                                    5% maximal IV relative bias    13.91
                                   10% maximal IV relative bias     9.08
                                   20% maximal IV relative bias     6.46
                                   30% maximal IV relative bias     5.39
                                   10% maximal IV size             22.30
                                   15% maximal IV size             12.83
                                   20% maximal IV size              9.54
                                   25% maximal IV size              7.80
Source: Stock-Yogo (2005).  Reproduced by permission.
NB: Critical values are for Cragg-Donald F statistic and i.i.d. errors.

Weak-instrument-robust inference
Tests of joint significance of endogenous regressors B1 in main equation
Ho: B1=0 and orthogonality conditions are valid
Anderson-Rubin Wald test           F(3,204)=      32.09     P-val=0.0000
Anderson-Rubin Wald test           Chi-sq(3)=     96.89     P-val=0.0000
Stock-Wright LM S statistic        Chi-sq(3)=     81.63     P-val=0.0000

NB: Underidentification, weak identification and weak-identification-robust
    test statistics cluster-robust

Number of clusters             N_clust  =        205
Number of observations               N  =       2460
Number of regressors                 K  =          3
Number of endogenous regressors      K1 =          1
Number of instruments                L  =          5
Number of excluded instruments       L1 =          3

IV (2SLS) estimation
--------------------

Estimates efficient for homoskedasticity only
Statistics robust to heteroskedasticity and clustering on ID

Number of clusters (ID) =          205                Number of obs =     2460
                                                      F(  3,   204) =   225.95
                                                      Prob > F      =   0.0000
Total (centered) SS     =  18349.63277                Centered R2   =   0.5897
Total (uncentered) SS   =  18756.75592                Uncentered R2 =   0.5986
Residual SS             =  7529.601925                Root MSE      =     1.75

------------------------------------------------------------------------------------
                   |               Robust
    LogitPosterior |      Coef.   Std. Err.      z    P>|z|     [95% Conf. Interval]
-------------------+----------------------------------------------------------------
LogitUnconditional |   .7918662   .0460794    17.18   0.000     .7015522    .8821802
    LogitStateGood |      .7873   .0558871    14.09   0.000     .6777633    .8968367
     LogitStateBad |   .9289728   .0639919    14.52   0.000     .8035509    1.054395
------------------------------------------------------------------------------------
Underidentification test (Kleibergen-Paap rk LM statistic):             70.042
                                                   Chi-sq(3) P-val =    0.0000
------------------------------------------------------------------------------
Weak identification test (Cragg-Donald Wald F statistic):               85.266
                         (Kleibergen-Paap rk Wald F statistic):         35.234
Stock-Yogo weak ID test critical values:  5% maximal IV relative bias    13.91
                                         10% maximal IV relative bias     9.08
                                         20% maximal IV relative bias     6.46
                                         30% maximal IV relative bias     5.39
                                         10% maximal IV size             22.30
                                         15% maximal IV size             12.83
                                         20% maximal IV size              9.54
                                         25% maximal IV size              7.80
Source: Stock-Yogo (2005).  Reproduced by permission.
NB: Critical values are for Cragg-Donald F statistic and i.i.d. errors.
------------------------------------------------------------------------------
Hansen J statistic (overidentification test of all instruments):         0.815
                                                   Chi-sq(2) P-val =    0.6653

Collinearity/identification problems in eqn. excl. suspect orthog. conditions:
  C statistic not calculated for -orthog- option
-endog- option:
Endogeneity test of endogenous regressors:                               4.602
                                                   Chi-sq(1) P-val =    0.0319
Regressors tested:    LogitUnconditional
------------------------------------------------------------------------------
Instrumented:         LogitUnconditional
Included instruments: LogitStateGood LogitStateBad
Excluded instruments: 1.LA 1.HA 1.GA
------------------------------------------------------------------------------

. 
. capture log close _all
